../Core/Src/main.c:251:5:main	8	static
../Core/Src/main.c:354:6:SystemClock_Config	88	static
../Core/Src/main.c:396:13:MX_ADC1_Init	24	static
../Core/Src/main.c:448:13:MX_ADC2_Init	24	static
../Core/Src/main.c:500:13:MX_I2C1_Init	8	static
../Core/Src/main.c:534:13:MX_TIM1_Init	96	static
../Core/Src/main.c:608:13:MX_TIM2_Init	56	static
../Core/Src/main.c:657:13:MX_TIM3_Init	56	static
../Core/Src/main.c:706:13:MX_TIM4_Init	32	static
../Core/Src/main.c:754:13:MX_TIM6_Init	16	static
../Core/Src/main.c:792:13:MX_TIM8_Init	96	static
../Core/Src/main.c:870:13:MX_USART3_UART_Init	8	static
../Core/Src/main.c:903:13:MX_GPIO_Init	48	static
../Core/Src/main.c:971:6:HAL_UART_RxCpltCallback	16	static
../Core/Src/main.c:1005:6:HAL_TIM_IC_CaptureCallback	32	static
../Core/Src/main.c:1051:6:UltraSonic	8	static
../Core/Src/main.c:1067:6:LPF_Init	24	static
../Core/Src/main.c:1077:10:LPF_Calc	16	static
../Core/Src/main.c:1089:9:VoltToDist	24	static
../Core/Src/main.c:1098:9:ConvertLDist	24	static
../Core/Src/main.c:1104:9:ConvertRDist	24	static
../Core/Src/main.c:1111:6:IRSensor	16	static
../Core/Src/main.c:1131:19:ICM_WriteByte	40	static
../Core/Src/main.c:1144:19:ICM_ReadByte	48	static
../Core/Src/main.c:1157:19:ICM_BrustRead	48	static
../Core/Src/main.c:1171:19:ICM20948_SelectUserBank	40	static
../Core/Src/main.c:1187:6:__ICM20948_init	24	static
../Core/Src/main.c:1217:10:countTargetTicks	32	static
../Core/Src/main.c:1231:5:readLeftEncoder	24	static
../Core/Src/main.c:1256:5:readRightEncoder	24	static
../Core/Src/main.c:1281:7:PID_Compute	40	static
../Core/Src/main.c:1297:6:PID_Reset	16	static
../Core/Src/main.c:1302:6:PID_Init	24	static
../Core/Src/main.c:1311:6:forward	40	static
../Core/Src/main.c:1350:6:backward	40	static
../Core/Src/main.c:1388:6:stopMove	8	static
../Core/Src/main.c:1400:6:frontRight	40	static
../Core/Src/main.c:1453:6:backRight	40	static
../Core/Src/main.c:1502:6:frontLeft	40	static
../Core/Src/main.c:1552:6:backLeft	40	static
../Core/Src/main.c:1601:6:resetAllGlobals	8	static
../Core/Src/main.c:1622:6:StartDefaultTask	16	static
../Core/Src/main.c:1640:6:Uart_Function	64	static
../Core/Src/main.c:1830:6:GyroSensor	56	static
../Core/Src/main.c:1883:6:encoder	40	static
../Core/Src/main.c:1925:6:Error_Handler	4	static,ignoring_inline_asm
