../Core/Src/main.c:150:5:main	8	static
../Core/Src/main.c:249:6:SystemClock_Config	88	static
../Core/Src/main.c:291:13:MX_TIM1_Init	96	static
../Core/Src/main.c:365:13:MX_TIM2_Init	56	static
../Core/Src/main.c:414:13:MX_TIM3_Init	48	static
../Core/Src/main.c:466:13:MX_TIM4_Init	32	static
../Core/Src/main.c:514:13:MX_TIM6_Init	16	static
../Core/Src/main.c:552:13:MX_TIM8_Init	96	static
../Core/Src/main.c:630:13:MX_USART3_UART_Init	8	static
../Core/Src/main.c:663:13:MX_GPIO_Init	48	static
../Core/Src/main.c:739:6:HAL_UART_RxCpltCallback	16	static
../Core/Src/main.c:769:6:HAL_TIM_IC_CaptureCallback	32	static
../Core/Src/main.c:815:6:UltraSonic	8	static
../Core/Src/main.c:829:10:countTargetTicks	32	static
../Core/Src/main.c:841:6:forward	48	static
../Core/Src/main.c:897:6:backward	64	static
../Core/Src/main.c:951:6:frontRight	48	static
../Core/Src/main.c:1005:6:frontLeft	48	static
../Core/Src/main.c:1058:6:backRight	48	static
../Core/Src/main.c:1110:6:backLeft	48	static
../Core/Src/main.c:1203:6:StartDefaultTask	16	static
../Core/Src/main.c:1230:6:motors	128	static
../Core/Src/main.c:1662:6:encoder	56	static
../Core/Src/main.c:1724:6:Uart_Function	72	static
../Core/Src/main.c:1866:6:Error_Handler	4	static,ignoring_inline_asm
