../Core/Src/main.c:132:5:main	8	static
../Core/Src/main.c:229:6:SystemClock_Config	88	static
../Core/Src/main.c:271:13:MX_TIM1_Init	96	static
../Core/Src/main.c:345:13:MX_TIM2_Init	56	static
../Core/Src/main.c:394:13:MX_TIM3_Init	48	static
../Core/Src/main.c:446:13:MX_TIM4_Init	32	static
../Core/Src/main.c:494:13:MX_TIM6_Init	16	static
../Core/Src/main.c:532:13:MX_TIM8_Init	96	static
../Core/Src/main.c:610:13:MX_USART3_UART_Init	8	static
../Core/Src/main.c:643:13:MX_GPIO_Init	48	static
../Core/Src/main.c:719:6:HAL_UART_RxCpltCallback	16	static
../Core/Src/main.c:727:6:HAL_TIM_IC_CaptureCallback	32	static
../Core/Src/main.c:766:6:UltraSonic	8	static
../Core/Src/main.c:821:6:StartDefaultTask	24	static
../Core/Src/main.c:848:6:motors	16	static
../Core/Src/main.c:866:6:encoder	56	static
../Core/Src/main.c:927:6:ultrasonic_task	16	static
../Core/Src/main.c:941:6:Error_Handler	4	static,ignoring_inline_asm
