../Core/Src/main.c:99:5:main	8	static
../Core/Src/main.c:189:6:SystemClock_Config	88	static
../Core/Src/main.c:231:13:MX_TIM1_Init	96	static
../Core/Src/main.c:305:13:MX_TIM2_Init	56	static
../Core/Src/main.c:354:13:MX_TIM8_Init	96	static
../Core/Src/main.c:432:13:MX_USART3_UART_Init	8	static
../Core/Src/main.c:465:13:MX_GPIO_Init	48	static
../Core/Src/main.c:507:6:HAL_UART_RxCpltCallBack	16	static
../Core/Src/main.c:522:6:StartDefaultTask	16	static
../Core/Src/main.c:548:6:motors	24	static
../Core/Src/main.c:616:6:encoder	56	static
../Core/Src/main.c:664:6:Error_Handler	4	static,ignoring_inline_asm
