../Core/Src/main.c:133:5:main	8	static
../Core/Src/main.c:231:6:SystemClock_Config	88	static
../Core/Src/main.c:273:13:MX_TIM1_Init	96	static
../Core/Src/main.c:347:13:MX_TIM2_Init	56	static
../Core/Src/main.c:396:13:MX_TIM3_Init	48	static
../Core/Src/main.c:448:13:MX_TIM4_Init	32	static
../Core/Src/main.c:496:13:MX_TIM6_Init	16	static
../Core/Src/main.c:534:13:MX_TIM8_Init	96	static
../Core/Src/main.c:612:13:MX_USART3_UART_Init	8	static
../Core/Src/main.c:645:13:MX_GPIO_Init	48	static
../Core/Src/main.c:721:6:HAL_UART_RxCpltCallback	16	static
../Core/Src/main.c:729:6:HAL_TIM_IC_CaptureCallback	32	static
../Core/Src/main.c:774:6:UltraSonic	8	static
../Core/Src/main.c:829:6:StartDefaultTask	24	static
../Core/Src/main.c:857:6:motors	16	static
../Core/Src/main.c:875:6:encoder	56	static
../Core/Src/main.c:936:6:ultrasonic_task	16	static
../Core/Src/main.c:950:6:Error_Handler	4	static,ignoring_inline_asm
