../Core/Src/main.c:254:5:main	8	static
../Core/Src/main.c:357:6:SystemClock_Config	88	static
../Core/Src/main.c:399:13:MX_ADC1_Init	24	static
../Core/Src/main.c:451:13:MX_ADC2_Init	24	static
../Core/Src/main.c:503:13:MX_I2C1_Init	8	static
../Core/Src/main.c:537:13:MX_TIM1_Init	96	static
../Core/Src/main.c:611:13:MX_TIM2_Init	56	static
../Core/Src/main.c:660:13:MX_TIM3_Init	56	static
../Core/Src/main.c:709:13:MX_TIM4_Init	32	static
../Core/Src/main.c:757:13:MX_TIM6_Init	16	static
../Core/Src/main.c:795:13:MX_TIM8_Init	96	static
../Core/Src/main.c:873:13:MX_USART3_UART_Init	8	static
../Core/Src/main.c:906:13:MX_GPIO_Init	48	static
../Core/Src/main.c:974:6:HAL_UART_RxCpltCallback	16	static
../Core/Src/main.c:1008:6:HAL_TIM_IC_CaptureCallback	32	static
../Core/Src/main.c:1054:6:UltraSonic	8	static
../Core/Src/main.c:1070:6:LPF_Init	24	static
../Core/Src/main.c:1080:10:LPF_Calc	16	static
../Core/Src/main.c:1092:9:VoltToDist	24	static
../Core/Src/main.c:1101:9:ConvertLDist	24	static
../Core/Src/main.c:1117:9:ConvertRDist	24	static
../Core/Src/main.c:1133:6:IRSensor	16	static
../Core/Src/main.c:1154:19:ICM_WriteByte	40	static
../Core/Src/main.c:1167:19:ICM_ReadByte	48	static
../Core/Src/main.c:1180:19:ICM_BrustRead	48	static
../Core/Src/main.c:1194:19:ICM20948_SelectUserBank	40	static
../Core/Src/main.c:1210:6:__ICM20948_init	24	static
../Core/Src/main.c:1240:10:countTargetTicks	32	static
../Core/Src/main.c:1254:5:readLeftEncoder	24	static
../Core/Src/main.c:1279:5:readRightEncoder	24	static
../Core/Src/main.c:1304:7:PID_Compute	40	static
../Core/Src/main.c:1320:7:PID_Compute_Turn	40	static
../Core/Src/main.c:1330:6:PID_Reset	16	static
../Core/Src/main.c:1335:6:PID_Init	24	static
../Core/Src/main.c:1344:6:forward	80	static
../Core/Src/main.c:1453:6:backward	72	static
../Core/Src/main.c:1554:6:stopMove	8	static
../Core/Src/main.c:1566:6:frontRight	72	static
../Core/Src/main.c:1660:6:backRight	72	static
../Core/Src/main.c:1750:6:frontLeft	72	static
../Core/Src/main.c:1841:6:backLeft	72	static
../Core/Src/main.c:1931:6:resetAllGlobals	8	static
../Core/Src/main.c:1952:6:StartDefaultTask	16	static
../Core/Src/main.c:1970:6:Uart_Function	64	static
../Core/Src/main.c:2109:6:GyroSensor	56	static
../Core/Src/main.c:2162:6:encoder	40	static
../Core/Src/main.c:2204:6:Error_Handler	4	static,ignoring_inline_asm
